2026-05-16 17:35:14,355Z INFO  initexmf - this is MiKTeX Configuration Utility 5.4 (MiKTeX 23.10)
2026-05-16 17:35:14,356Z INFO  initexmf - this process (18) started by miktexsetup in directory /data with command line: initexmf --principal=setup --create-config-file=miktex/config/miktex.ini --set-config-value=[Core]SharedSetup=0 --disable-installer --verbose
2026-05-16 17:35:14,356Z WARN  initexmf.packagemanager - dependency problem: showframe is required by _miktex-latex-packages
2026-05-16 17:35:14,356Z WARN  initexmf.packagemanager - dependency problem: thailatex is required by _miktex-latex-packages
2026-05-16 17:35:14,357Z INFO  initexmf.packagemanager - installing package miktex-config-2.9
2026-05-16 17:35:14,357Z INFO  initexmf.packagemanager - installing package miktex-dvips
2026-05-16 17:35:14,357Z INFO  initexmf.packagemanager - installing package miktex-fontconfig
2026-05-16 17:35:14,357Z INFO  initexmf.packagemanager - installing package miktex-misc
2026-05-16 17:35:14,358Z INFO  initexmf.packagemanager - installing package tetex
2026-05-16 17:35:14,358Z INFO  initexmf - Operating on the private (per-user) MiKTeX setup
2026-05-16 17:35:14,358Z INFO  initexmf - Registering root directories...
2026-05-16 17:35:14,420Z INFO  initexmf.core - saving startup configuration; setupVersion=23.10
2026-05-16 17:35:14,460Z INFO  initexmf - Setting config value: [Core]SharedSetup=0
2026-05-16 17:35:14,506Z INFO  initexmf - this process (18) finishes with exit code 0
2026-05-16 17:35:20,093Z INFO  initexmf - this is MiKTeX Configuration Utility 5.4 (MiKTeX 23.10)
2026-05-16 17:35:20,094Z INFO  initexmf - this process (41) started by miktexsetup in directory /data with command line: initexmf --default-paper-size=A4 --disable-installer --verbose
2026-05-16 17:35:20,094Z WARN  initexmf.packagemanager - dependency problem: showframe is required by _miktex-latex-packages
2026-05-16 17:35:20,094Z WARN  initexmf.packagemanager - dependency problem: thailatex is required by _miktex-latex-packages
2026-05-16 17:35:20,094Z INFO  initexmf - Operating on the private (per-user) MiKTeX setup
2026-05-16 17:35:20,196Z INFO  initexmf - this process (41) finishes with exit code 0
2026-05-16 17:35:21,333Z INFO  initexmf - this is MiKTeX Configuration Utility 5.4 (MiKTeX 23.10)
2026-05-16 17:35:21,334Z INFO  initexmf - this process (44) started by miktexsetup in directory /data with command line: initexmf --set-config-value=[MPM]AutoInstall=2 --disable-installer --verbose
2026-05-16 17:35:21,334Z WARN  initexmf.packagemanager - dependency problem: showframe is required by _miktex-latex-packages
2026-05-16 17:35:21,334Z WARN  initexmf.packagemanager - dependency problem: thailatex is required by _miktex-latex-packages
2026-05-16 17:35:21,334Z INFO  initexmf - Operating on the private (per-user) MiKTeX setup
2026-05-16 17:35:21,334Z INFO  initexmf - Setting config value: [MPM]AutoInstall=2
2026-05-16 17:35:21,423Z INFO  initexmf - this process (44) finishes with exit code 0
2026-05-16 17:35:24,858Z INFO  initexmf - this is MiKTeX Configuration Utility 5.4 (MiKTeX 23.10)
2026-05-16 17:35:24,858Z INFO  initexmf - this process (50) started by miktexsetup in directory /data with command line: initexmf --report --disable-installer --verbose
2026-05-16 17:35:24,859Z WARN  initexmf.packagemanager - dependency problem: showframe is required by _miktex-latex-packages
2026-05-16 17:35:24,859Z WARN  initexmf.packagemanager - dependency problem: thailatex is required by _miktex-latex-packages
2026-05-16 17:35:24,859Z INFO  initexmf - Operating on the private (per-user) MiKTeX setup
2026-05-16 17:35:25,029Z INFO  initexmf - this process (50) finishes with exit code 0
2026-05-16 17:36:55,352Z INFO  initexmf - this is MiKTeX Configuration Utility 5.4 (MiKTeX 23.10)
2026-05-16 17:36:55,352Z INFO  initexmf - this process (18) started by miktexsetup in directory /data with command line: initexmf --principal=setup --create-config-file=miktex/config/miktex.ini --set-config-value=[Core]SharedSetup=0 --disable-installer --verbose
2026-05-16 17:36:55,352Z WARN  initexmf.packagemanager - dependency problem: showframe is required by _miktex-latex-packages
2026-05-16 17:36:55,353Z WARN  initexmf.packagemanager - dependency problem: thailatex is required by _miktex-latex-packages
2026-05-16 17:36:55,353Z INFO  initexmf - Operating on the private (per-user) MiKTeX setup
2026-05-16 17:36:55,353Z INFO  initexmf - Registering root directories...
2026-05-16 17:36:55,407Z INFO  initexmf.core - saving startup configuration; setupVersion=23.10
2026-05-16 17:36:55,445Z INFO  initexmf - Setting config value: [Core]SharedSetup=0
2026-05-16 17:36:55,493Z INFO  initexmf - this process (18) finishes with exit code 0
2026-05-16 17:37:00,512Z INFO  initexmf - this is MiKTeX Configuration Utility 5.4 (MiKTeX 23.10)
2026-05-16 17:37:00,512Z INFO  initexmf - this process (34) started by miktexsetup in directory /data with command line: initexmf --default-paper-size=A4 --disable-installer --verbose
2026-05-16 17:37:00,513Z WARN  initexmf.packagemanager - dependency problem: showframe is required by _miktex-latex-packages
2026-05-16 17:37:00,513Z WARN  initexmf.packagemanager - dependency problem: thailatex is required by _miktex-latex-packages
2026-05-16 17:37:00,514Z INFO  initexmf - Operating on the private (per-user) MiKTeX setup
2026-05-16 17:37:00,636Z INFO  initexmf - this process (34) finishes with exit code 0
2026-05-16 17:37:01,764Z INFO  initexmf - this is MiKTeX Configuration Utility 5.4 (MiKTeX 23.10)
2026-05-16 17:37:01,765Z INFO  initexmf - this process (37) started by miktexsetup in directory /data with command line: initexmf --set-config-value=[MPM]AutoInstall=2 --disable-installer --verbose
2026-05-16 17:37:01,765Z WARN  initexmf.packagemanager - dependency problem: showframe is required by _miktex-latex-packages
2026-05-16 17:37:01,765Z WARN  initexmf.packagemanager - dependency problem: thailatex is required by _miktex-latex-packages
2026-05-16 17:37:01,765Z INFO  initexmf - Operating on the private (per-user) MiKTeX setup
2026-05-16 17:37:01,765Z INFO  initexmf - Setting config value: [MPM]AutoInstall=2
2026-05-16 17:37:01,868Z INFO  initexmf - this process (37) finishes with exit code 0
2026-05-16 17:37:05,253Z INFO  initexmf - this is MiKTeX Configuration Utility 5.4 (MiKTeX 23.10)
2026-05-16 17:37:05,253Z INFO  initexmf - this process (43) started by miktexsetup in directory /data with command line: initexmf --report --disable-installer --verbose
2026-05-16 17:37:05,254Z WARN  initexmf.packagemanager - dependency problem: showframe is required by _miktex-latex-packages
2026-05-16 17:37:05,254Z WARN  initexmf.packagemanager - dependency problem: thailatex is required by _miktex-latex-packages
2026-05-16 17:37:05,254Z INFO  initexmf - Operating on the private (per-user) MiKTeX setup
2026-05-16 17:37:05,366Z INFO  initexmf - this process (43) finishes with exit code 0
2026-05-16 17:37:27,350Z INFO  initexmf - this is MiKTeX Configuration Utility 5.4 (MiKTeX 23.10)
2026-05-16 17:37:27,350Z INFO  initexmf - this process (67) started by sh in directory /data with command line: initexmf --report
2026-05-16 17:37:27,350Z WARN  initexmf.packagemanager - dependency problem: luxi is required by _miktex-fonts-type1
2026-05-16 17:37:27,350Z WARN  initexmf.packagemanager - dependency problem: ms is required by _miktex-latex-packages
2026-05-16 17:37:27,351Z WARN  initexmf.packagemanager - dependency problem: showframe is required by _miktex-latex-packages
2026-05-16 17:37:27,351Z WARN  initexmf.packagemanager - dependency problem: thailatex is required by _miktex-latex-packages
2026-05-16 17:37:27,351Z INFO  initexmf - Operating on the private (per-user) MiKTeX setup
2026-05-16 17:37:27,472Z INFO  initexmf - this process (67) finishes with exit code 0
